Startpoint: rst_n (input port clocked by clk)
Endpoint: _2086_ (removal check against rising-edge clock clk)
Path Group: asynchronous
Path Type: min

  Delay    Time   Description
---------------------------------------------------------
   0.00    0.00   clock clk (rise edge)
   0.00    0.00   clock network delay (ideal)
   2.00    2.00 ^ input external delay
   0.00    2.00 ^ rst_n (in)
   0.00    2.00 ^ _2086_/RESET_B (sky130_fd_sc_hd__dfrtp_1)
           2.00   data arrival time

   0.00    0.00   clock clk (rise edge)
   0.00    0.00   clock network delay (ideal)
   0.20    0.20   clock uncertainty
   0.00    0.20   clock reconvergence pessimism
           0.20 ^ _2086_/CLK (sky130_fd_sc_hd__dfrtp_1)
   0.30    0.50   library removal time
           0.50   data required time
---------------------------------------------------------
           0.50   data required time
          -2.00   data arrival time
---------------------------------------------------------
           1.50   slack (MET)


Startpoint: _2190_ (rising edge-triggered flip-flop clocked by clk)
Endpoint: _2118_ (rising edge-triggered flip-flop clocked by clk)
Path Group: clk
Path Type: min

  Delay    Time   Description
---------------------------------------------------------
   0.00    0.00   clock clk (rise edge)
   0.00    0.00   clock network delay (ideal)
   0.00    0.00 ^ _2190_/CLK (sky130_fd_sc_hd__dfrtp_1)
   0.29    0.29 ^ _2190_/Q (sky130_fd_sc_hd__dfrtp_1)
   0.00    0.29 ^ _2118_/D (sky130_fd_sc_hd__dfrtp_1)
           0.29   data arrival time

   0.00    0.00   clock clk (rise edge)
   0.00    0.00   clock network delay (ideal)
   0.20    0.20   clock uncertainty
   0.00    0.20   clock reconvergence pessimism
           0.20 ^ _2118_/CLK (sky130_fd_sc_hd__dfrtp_1)
  -0.04    0.16   library hold time
           0.16   data required time
---------------------------------------------------------
           0.16   data required time
          -0.29   data arrival time
---------------------------------------------------------
           0.13   slack (MET)


