OpenSTA 2.6.0 b5f3a02b33 Copyright (c) 2024, Parallax Software, Inc.
License GPLv3: GNU GPL version 3 <http://gnu.org/licenses/gpl.html>

This is free software, and you are free to change and redistribute it
under certain conditions; type `show_copying' for details. 
This program comes with ABSOLUTELY NO WARRANTY; for details type `show_warranty'.
Clock                   Period          Waveform
----------------------------------------------------
clk                      11.11        0.00      5.56
worst slack 2.04
tns 0.00
Startpoint: rst_n (input port clocked by clk)
Endpoint: _2086_ (recovery check against rising-edge clock clk)
Path Group: asynchronous
Path Type: max

  Delay    Time   Description
---------------------------------------------------------
   0.00    0.00   clock clk (rise edge)
   0.00    0.00   clock network delay (ideal)
   2.00    2.00 ^ input external delay
   0.00    2.00 ^ rst_n (in)
   0.00    2.00 ^ _2086_/RESET_B (sky130_fd_sc_hd__dfrtp_1)
           2.00   data arrival time

  11.11   11.11   clock clk (rise edge)
   0.00   11.11   clock network delay (ideal)
  -0.20   10.91   clock uncertainty
   0.00   10.91   clock reconvergence pessimism
          10.91 ^ _2086_/CLK (sky130_fd_sc_hd__dfrtp_1)
   0.23   11.14   library recovery time
          11.14   data required time
---------------------------------------------------------
          11.14   data required time
          -2.00   data arrival time
---------------------------------------------------------
           9.14   slack (MET)


Startpoint: _2155_ (rising edge-triggered flip-flop clocked by clk)
Endpoint: _2121_ (rising edge-triggered flip-flop clocked by clk)
Path Group: clk
Path Type: max

  Delay    Time   Description
---------------------------------------------------------
   0.00    0.00   clock clk (rise edge)
   0.00    0.00   clock network delay (ideal)
   0.00    0.00 ^ _2155_/CLK (sky130_fd_sc_hd__dfrtp_1)
   1.81    1.81 ^ _2155_/Q (sky130_fd_sc_hd__dfrtp_1)
   0.95    2.76 v _1026_/Y (sky130_fd_sc_hd__clkinv_1)
   0.63    3.39 v _1151_/X (sky130_fd_sc_hd__maj3_1)
   0.40    3.79 v _1152_/X (sky130_fd_sc_hd__maj3_1)
   0.24    4.03 v _1154_/X (sky130_fd_sc_hd__o211a_1)
   0.22    4.25 ^ _1155_/Y (sky130_fd_sc_hd__o21ai_0)
   0.13    4.38 v _1156_/Y (sky130_fd_sc_hd__a21oi_1)
   0.20    4.57 v _1157_/X (sky130_fd_sc_hd__o21a_1)
   0.23    4.81 ^ _1158_/Y (sky130_fd_sc_hd__o21ai_0)
   0.14    4.95 v _1159_/Y (sky130_fd_sc_hd__a21oi_1)
   0.20    5.14 v _1160_/X (sky130_fd_sc_hd__o21a_1)
   0.22    5.36 ^ _1161_/Y (sky130_fd_sc_hd__o21ai_0)
   0.13    5.49 v _1162_/Y (sky130_fd_sc_hd__a21oi_1)
   0.20    5.69 v _1163_/X (sky130_fd_sc_hd__o21a_1)
   0.18    5.87 v _1164_/X (sky130_fd_sc_hd__o21a_1)
   0.33    6.19 ^ _1165_/Y (sky130_fd_sc_hd__o21ai_0)
   0.21    6.41 ^ _1168_/X (sky130_fd_sc_hd__a211o_1)
   0.08    6.48 v _1809_/Y (sky130_fd_sc_hd__a21oi_1)
   0.30    6.79 v _1827_/X (sky130_fd_sc_hd__or3_1)
   0.08    6.87 ^ _1828_/Y (sky130_fd_sc_hd__nand3_1)
   0.08    6.95 v _1842_/Y (sky130_fd_sc_hd__o211ai_1)
   0.45    7.40 v _2062_/X (sky130_fd_sc_hd__or4b_1)
   0.45    7.85 v _2064_/X (sky130_fd_sc_hd__or4b_1)
   0.38    8.23 v _2065_/X (sky130_fd_sc_hd__or4_1)
   0.39    8.62 v _2066_/X (sky130_fd_sc_hd__or4_1)
   0.15    8.77 ^ _2067_/Y (sky130_fd_sc_hd__nor4_1)
   0.00    8.77 ^ _2121_/D (sky130_fd_sc_hd__dfrtp_1)
           8.77   data arrival time

  11.11   11.11   clock clk (rise edge)
   0.00   11.11   clock network delay (ideal)
  -0.20   10.91   clock uncertainty
   0.00   10.91   clock reconvergence pessimism
          10.91 ^ _2121_/CLK (sky130_fd_sc_hd__dfrtp_1)
  -0.10   10.81   library setup time
          10.81   data required time
---------------------------------------------------------
          10.81   data required time
          -8.77   data arrival time
---------------------------------------------------------
           2.04   slack (MET)


Startpoint: rst_n (input port clocked by clk)
Endpoint: _2086_ (removal check against rising-edge clock clk)
Path Group: asynchronous
Path Type: min

  Delay    Time   Description
---------------------------------------------------------
   0.00    0.00   clock clk (rise edge)
   0.00    0.00   clock network delay (ideal)
   2.00    2.00 ^ input external delay
   0.00    2.00 ^ rst_n (in)
   0.00    2.00 ^ _2086_/RESET_B (sky130_fd_sc_hd__dfrtp_1)
           2.00   data arrival time

   0.00    0.00   clock clk (rise edge)
   0.00    0.00   clock network delay (ideal)
   0.20    0.20   clock uncertainty
   0.00    0.20   clock reconvergence pessimism
           0.20 ^ _2086_/CLK (sky130_fd_sc_hd__dfrtp_1)
   0.30    0.50   library removal time
           0.50   data required time
---------------------------------------------------------
           0.50   data required time
          -2.00   data arrival time
---------------------------------------------------------
           1.50   slack (MET)


Startpoint: _2190_ (rising edge-triggered flip-flop clocked by clk)
Endpoint: _2118_ (rising edge-triggered flip-flop clocked by clk)
Path Group: clk
Path Type: min

  Delay    Time   Description
---------------------------------------------------------
   0.00    0.00   clock clk (rise edge)
   0.00    0.00   clock network delay (ideal)
   0.00    0.00 ^ _2190_/CLK (sky130_fd_sc_hd__dfrtp_1)
   0.29    0.29 ^ _2190_/Q (sky130_fd_sc_hd__dfrtp_1)
   0.00    0.29 ^ _2118_/D (sky130_fd_sc_hd__dfrtp_1)
           0.29   data arrival time

   0.00    0.00   clock clk (rise edge)
   0.00    0.00   clock network delay (ideal)
   0.20    0.20   clock uncertainty
   0.00    0.20   clock reconvergence pessimism
           0.20 ^ _2118_/CLK (sky130_fd_sc_hd__dfrtp_1)
  -0.04    0.16   library hold time
           0.16   data required time
---------------------------------------------------------
           0.16   data required time
          -0.29   data arrival time
---------------------------------------------------------
           0.13   slack (MET)


Clock clk
   0.00 source latency _2122_/CLK ^
   0.00 target latency _2086_/CLK ^
   0.20 clock uncertainty
   0.00 CRPR
--------------
   0.20 setup skew

clk period_min = 9.07 fmax = 110.27
clk period_min = 9.07 fmax = 110.27
