11. Executing LTP pass (find longest path).

Longest topological path in alu_32bit (length=27):
    0: \rst_n
    1: \b_q [4] (via $auto$ff.cc:337:slice$2014)
    2: $abc$5301$new_n217 (via $abc$5301$auto$blifparse.cc:397:parse_blif$5415)
    3: $abc$5301$new_n218 (via $abc$5301$auto$blifparse.cc:397:parse_blif$5416)
    4: $abc$5301$new_n219 (via $abc$5301$auto$blifparse.cc:397:parse_blif$5417)
    5: $abc$5301$new_n232 (via $abc$5301$auto$blifparse.cc:397:parse_blif$5430)
    6: $abc$5301$new_n233 (via $abc$5301$auto$blifparse.cc:397:parse_blif$5431)
    7: $abc$5301$new_n234 (via $abc$5301$auto$blifparse.cc:397:parse_blif$5432)
    8: $abc$5301$new_n235 (via $abc$5301$auto$blifparse.cc:397:parse_blif$5433)
    9: $abc$5301$new_n236 (via $abc$5301$auto$blifparse.cc:397:parse_blif$5434)
   10: $abc$5301$new_n237 (via $abc$5301$auto$blifparse.cc:397:parse_blif$5435)
   11: $abc$5301$new_n238 (via $abc$5301$auto$blifparse.cc:397:parse_blif$5436)
   12: $abc$5301$new_n239 (via $abc$5301$auto$blifparse.cc:397:parse_blif$5437)
   13: $abc$5301$new_n240 (via $abc$5301$auto$blifparse.cc:397:parse_blif$5438)
   14: $abc$5301$new_n241 (via $abc$5301$auto$blifparse.cc:397:parse_blif$5439)
   15: $abc$5301$new_n242 (via $abc$5301$auto$blifparse.cc:397:parse_blif$5440)
   16: $abc$5301$new_n243 (via $abc$5301$auto$blifparse.cc:397:parse_blif$5441)
   17: $abc$5301$new_n247 (via $abc$5301$auto$blifparse.cc:397:parse_blif$5445)
   18: $abc$5301$new_n257 (via $abc$5301$auto$blifparse.cc:397:parse_blif$5455)
   19: $abc$5301$new_n267 (via $abc$5301$auto$blifparse.cc:397:parse_blif$5465)
   20: $abc$5301$new_n1036 (via $abc$5301$auto$blifparse.cc:397:parse_blif$6234)
   21: $abc$5301$new_n1037 (via $abc$5301$auto$blifparse.cc:397:parse_blif$6235)
   22: $abc$5301$new_n1038 (via $abc$5301$auto$blifparse.cc:397:parse_blif$6236)
   23: \result_comb [26] (via $abc$5301$auto$blifparse.cc:397:parse_blif$6249)
   24: $abc$5301$new_n1143 (via $abc$5301$auto$blifparse.cc:397:parse_blif$6341)
   25: $abc$5301$new_n1144 (via $abc$5301$auto$blifparse.cc:397:parse_blif$6342)
   26: $0\zero_o[0:0] (via $abc$5301$auto$blifparse.cc:397:parse_blif$6343)
   27: \zero_o (via $auto$ff.cc:337:slice$1977)
