
 /----------------------------------------------------------------------------\
 |  yosys -- Yosys Open SYnthesis Suite                                       |
 |  Copyright (C) 2012 - 2025  Claire Xenia Wolf <claire@yosyshq.com>         |
 |  Distributed under an ISC-like license, type "license" to see terms        |
 \----------------------------------------------------------------------------/
 Yosys 0.60+8 (git sha1 0e31e389f, g++ 13.1.0-8ubuntu1~22.04 -fPIC -O3)

-- Running command `read_verilog synthesis/mapped_net.v; stat' --

1. Executing Verilog-2005 frontend: synthesis/mapped_net.v
Parsing Verilog input from `synthesis/mapped_net.v' to AST representation.
verilog frontend filename synthesis/mapped_net.v
Generating RTLIL representation for module `\alu_32bit'.
Successfully finished Verilog frontend.

2. Printing statistics.

=== alu_32bit ===

        +----------Local Count, excluding submodules.
        | 
     1044 wires
     1236 wire bits
     1044 public wires
     1236 public wire bits
       11 ports
      107 port bits
     1165 cells
        1   sky130_fd_sc_hd__a2111o_1
        5   sky130_fd_sc_hd__a2111oi_0
        9   sky130_fd_sc_hd__a211o_1
       20   sky130_fd_sc_hd__a211oi_1
        1   sky130_fd_sc_hd__a21bo_1
        3   sky130_fd_sc_hd__a21boi_0
       11   sky130_fd_sc_hd__a21o_1
      170   sky130_fd_sc_hd__a21oi_1
        3   sky130_fd_sc_hd__a221o_1
        4   sky130_fd_sc_hd__a221oi_1
        1   sky130_fd_sc_hd__a22o_1
        4   sky130_fd_sc_hd__a22oi_1
        2   sky130_fd_sc_hd__a311o_1
        6   sky130_fd_sc_hd__a311oi_1
        1   sky130_fd_sc_hd__a31o_1
       13   sky130_fd_sc_hd__a31oi_1
       12   sky130_fd_sc_hd__and2_0
        6   sky130_fd_sc_hd__and3_1
        1   sky130_fd_sc_hd__and4_1
       17   sky130_fd_sc_hd__clkinv_1
      105   sky130_fd_sc_hd__dfrtp_1
       16   sky130_fd_sc_hd__lpflow_inputiso1p_1
       42   sky130_fd_sc_hd__lpflow_isobufsrc_1
        2   sky130_fd_sc_hd__maj3_1
       11   sky130_fd_sc_hd__mux2_1
       23   sky130_fd_sc_hd__mux2i_1
        1   sky130_fd_sc_hd__mux4_2
      171   sky130_fd_sc_hd__nand2_1
       27   sky130_fd_sc_hd__nand2b_1
       40   sky130_fd_sc_hd__nand3_1
        2   sky130_fd_sc_hd__nand3b_1
        7   sky130_fd_sc_hd__nand4_1
      125   sky130_fd_sc_hd__nor2_1
        2   sky130_fd_sc_hd__nor2b_1
       25   sky130_fd_sc_hd__nor3_1
        1   sky130_fd_sc_hd__nor3b_1
        9   sky130_fd_sc_hd__nor4_1
        7   sky130_fd_sc_hd__o2111ai_1
        2   sky130_fd_sc_hd__o211a_1
       21   sky130_fd_sc_hd__o211ai_1
        9   sky130_fd_sc_hd__o21a_1
      133   sky130_fd_sc_hd__o21ai_0
        2   sky130_fd_sc_hd__o21bai_1
        5   sky130_fd_sc_hd__o221ai_1
        1   sky130_fd_sc_hd__o22a_1
       25   sky130_fd_sc_hd__o22ai_1
        8   sky130_fd_sc_hd__o311ai_0
        1   sky130_fd_sc_hd__o31a_1
        5   sky130_fd_sc_hd__o31ai_1
        6   sky130_fd_sc_hd__or3_1
        4   sky130_fd_sc_hd__or4_1
        3   sky130_fd_sc_hd__or4b_1
       21   sky130_fd_sc_hd__xnor2_1
       13   sky130_fd_sc_hd__xor2_1

End of script. Logfile hash: a03aa1e65e, CPU: user 0.18s system 0.10s, MEM: 27.38 MB peak
Yosys 0.60+8 (git sha1 0e31e389f, g++ 13.1.0-8ubuntu1~22.04 -fPIC -O3)
Time spent: 98% 2x read_verilog (0 sec), 1% 1x stat (0 sec), ...
