#! /usr/bin/vvp
:ivl_version "11.0 (stable)";
:ivl_delay_selection "TYPICAL";
:vpi_time_precision - 12;
:vpi_module "/usr/lib/x86_64-linux-gnu/ivl/system.vpi";
:vpi_module "/usr/lib/x86_64-linux-gnu/ivl/vhdl_sys.vpi";
:vpi_module "/usr/lib/x86_64-linux-gnu/ivl/vhdl_textio.vpi";
:vpi_module "/usr/lib/x86_64-linux-gnu/ivl/v2005_math.vpi";
:vpi_module "/usr/lib/x86_64-linux-gnu/ivl/va_math.vpi";
S_0x5869b1f98740 .scope module, "tb_alu_32bit" "tb_alu_32bit" 2 3;
 .timescale -9 -12;
v0x5869b1fbf840_0 .net "carry_o", 0 0, v0x5869b1fbe060_0;  1 drivers
v0x5869b1fbf900_0 .var "clk", 0 0;
v0x5869b1fbf9a0_0 .var/i "error_count", 31 0;
v0x5869b1fbfa40 .array "exp_result_queue", 2000 0, 31 0;
v0x5869b1fbfae0 .array "exp_zero_queue", 2000 0, 0 0;
v0x5869b1fbfb80_0 .var "expected_result", 31 0;
v0x5869b1fbfc60_0 .var "expected_zero", 0 0;
v0x5869b1fbfd20_0 .var/i "i", 31 0;
v0x5869b1fbfe00_0 .var "opcode", 3 0;
v0x5869b1fbfec0_0 .var "operand_a", 31 0;
v0x5869b1fbff60_0 .var "operand_b", 31 0;
v0x5869b1fc0000_0 .net "overflow_o", 0 0, v0x5869b1fbe700_0;  1 drivers
v0x5869b1fc00d0_0 .var/i "rd_ptr", 31 0;
v0x5869b1fc0170_0 .net "result_o", 31 0, v0x5869b1fbe8a0_0;  1 drivers
v0x5869b1fc0260_0 .var "rst_n", 0 0;
v0x5869b1fc0330_0 .var/i "test_count", 31 0;
v0x5869b1fc03d0_0 .var "valid_i", 0 0;
v0x5869b1fc04a0_0 .net "valid_o", 0 0, v0x5869b1fbf360_0;  1 drivers
v0x5869b1fc0570_0 .var/i "wr_ptr", 31 0;
v0x5869b1fc0610_0 .net "zero_o", 0 0, v0x5869b1fbf5c0_0;  1 drivers
E_0x5869b1f72cd0 .event posedge, v0x5869b1fbe120_0;
E_0x5869b1f6b8e0 .event negedge, v0x5869b1fbe120_0;
S_0x5869b1f60bd0 .scope task, "compute_expected" "compute_expected" 2 50, 2 50 0, S_0x5869b1f98740;
 .timescale -9 -12;
v0x5869b1f99140_0 .var "a", 31 0;
v0x5869b1f99360_0 .var "add_ext", 32 0;
v0x5869b1f997c0_0 .var "b", 31 0;
v0x5869b1f9a4c0_0 .var "op", 3 0;
v0x5869b1f9bdf0_0 .var "slt_bit", 0 0;
v0x5869b1f92bb0_0 .var "sub_ext", 32 0;
TD_tb_alu_32bit.compute_expected ;
    %pushi/vec4 0, 0, 1;
    %load/vec4 v0x5869b1f99140_0;
    %concat/vec4; draw_concat_vec4
    %pushi/vec4 0, 0, 1;
    %load/vec4 v0x5869b1f997c0_0;
    %concat/vec4; draw_concat_vec4
    %add;
    %store/vec4 v0x5869b1f99360_0, 0, 33;
    %pushi/vec4 0, 0, 1;
    %load/vec4 v0x5869b1f99140_0;
    %concat/vec4; draw_concat_vec4
    %pushi/vec4 0, 0, 1;
    %load/vec4 v0x5869b1f997c0_0;
    %inv;
    %concat/vec4; draw_concat_vec4
    %add;
    %addi 1, 0, 33;
    %store/vec4 v0x5869b1f92bb0_0, 0, 33;
    %load/vec4 v0x5869b1f9a4c0_0;
    %dup/vec4;
    %pushi/vec4 0, 0, 4;
    %cmp/u;
    %jmp/1 T_0.0, 6;
    %dup/vec4;
    %pushi/vec4 1, 0, 4;
    %cmp/u;
    %jmp/1 T_0.1, 6;
    %dup/vec4;
    %pushi/vec4 2, 0, 4;
    %cmp/u;
    %jmp/1 T_0.2, 6;
    %dup/vec4;
    %pushi/vec4 3, 0, 4;
    %cmp/u;
    %jmp/1 T_0.3, 6;
    %dup/vec4;
    %pushi/vec4 4, 0, 4;
    %cmp/u;
    %jmp/1 T_0.4, 6;
    %dup/vec4;
    %pushi/vec4 5, 0, 4;
    %cmp/u;
    %jmp/1 T_0.5, 6;
    %dup/vec4;
    %pushi/vec4 6, 0, 4;
    %cmp/u;
    %jmp/1 T_0.6, 6;
    %dup/vec4;
    %pushi/vec4 7, 0, 4;
    %cmp/u;
    %jmp/1 T_0.7, 6;
    %dup/vec4;
    %pushi/vec4 8, 0, 4;
    %cmp/u;
    %jmp/1 T_0.8, 6;
    %pushi/vec4 0, 0, 32;
    %store/vec4 v0x5869b1fbfb80_0, 0, 32;
    %jmp T_0.10;
T_0.0 ;
    %load/vec4 v0x5869b1f99360_0;
    %parti/s 32, 0, 2;
    %store/vec4 v0x5869b1fbfb80_0, 0, 32;
    %jmp T_0.10;
T_0.1 ;
    %load/vec4 v0x5869b1f92bb0_0;
    %parti/s 32, 0, 2;
    %store/vec4 v0x5869b1fbfb80_0, 0, 32;
    %jmp T_0.10;
T_0.2 ;
    %load/vec4 v0x5869b1f92bb0_0;
    %parti/s 1, 31, 6;
    %load/vec4 v0x5869b1f99140_0;
    %parti/s 1, 31, 6;
    %load/vec4 v0x5869b1f997c0_0;
    %parti/s 1, 31, 6;
    %xor;
    %load/vec4 v0x5869b1f92bb0_0;
    %parti/s 1, 31, 6;
    %load/vec4 v0x5869b1f99140_0;
    %parti/s 1, 31, 6;
    %xor;
    %and;
    %xor;
    %store/vec4 v0x5869b1f9bdf0_0, 0, 1;
    %pushi/vec4 0, 0, 31;
    %load/vec4 v0x5869b1f9bdf0_0;
    %concat/vec4; draw_concat_vec4
    %store/vec4 v0x5869b1fbfb80_0, 0, 32;
    %jmp T_0.10;
T_0.3 ;
    %load/vec4 v0x5869b1f99140_0;
    %load/vec4 v0x5869b1f997c0_0;
    %and;
    %store/vec4 v0x5869b1fbfb80_0, 0, 32;
    %jmp T_0.10;
T_0.4 ;
    %load/vec4 v0x5869b1f99140_0;
    %load/vec4 v0x5869b1f997c0_0;
    %or;
    %store/vec4 v0x5869b1fbfb80_0, 0, 32;
    %jmp T_0.10;
T_0.5 ;
    %load/vec4 v0x5869b1f99140_0;
    %load/vec4 v0x5869b1f997c0_0;
    %xor;
    %store/vec4 v0x5869b1fbfb80_0, 0, 32;
    %jmp T_0.10;
T_0.6 ;
    %load/vec4 v0x5869b1f99140_0;
    %load/vec4 v0x5869b1f997c0_0;
    %parti/s 5, 0, 2;
    %ix/vec4 4;
    %shiftl 4;
    %store/vec4 v0x5869b1fbfb80_0, 0, 32;
    %jmp T_0.10;
T_0.7 ;
    %load/vec4 v0x5869b1f99140_0;
    %load/vec4 v0x5869b1f997c0_0;
    %parti/s 5, 0, 2;
    %ix/vec4 4;
    %shiftr 4;
    %store/vec4 v0x5869b1fbfb80_0, 0, 32;
    %jmp T_0.10;
T_0.8 ;
    %load/vec4 v0x5869b1f99140_0;
    %load/vec4 v0x5869b1f997c0_0;
    %parti/s 5, 0, 2;
    %ix/vec4 4;
    %shiftr/s 4;
    %store/vec4 v0x5869b1fbfb80_0, 0, 32;
    %jmp T_0.10;
T_0.10 ;
    %pop/vec4 1;
    %load/vec4 v0x5869b1fbfb80_0;
    %pushi/vec4 0, 0, 32;
    %cmp/e;
    %flag_get/vec4 4;
    %store/vec4 v0x5869b1fbfc60_0, 0, 1;
    %end;
S_0x5869b1fbbea0 .scope module, "dut" "alu_32bit" 2 20, 3 3 0, S_0x5869b1f98740;
 .timescale -9 -12;
    .port_info 0 /INPUT 1 "clk";
    .port_info 1 /INPUT 1 "rst_n";
    .port_info 2 /INPUT 1 "valid_i";
    .port_info 3 /INPUT 4 "opcode";
    .port_info 4 /INPUT 32 "operand_a";
    .port_info 5 /INPUT 32 "operand_b";
    .port_info 6 /OUTPUT 32 "result_o";
    .port_info 7 /OUTPUT 1 "valid_o";
    .port_info 8 /OUTPUT 1 "carry_o";
    .port_info 9 /OUTPUT 1 "overflow_o";
    .port_info 10 /OUTPUT 1 "zero_o";
L_0x5869b1f983e0 .functor NOT 32, v0x5869b1fbdcb0_0, C4<00000000000000000000000000000000>, C4<00000000000000000000000000000000>, C4<00000000000000000000000000000000>;
L_0x5869b1f98fa0 .functor XOR 1, L_0x5869b1fd14c0, L_0x5869b1fd15d0, C4<0>, C4<0>;
L_0x5869b1f99200 .functor NOT 1, L_0x5869b1f98fa0, C4<0>, C4<0>, C4<0>;
L_0x5869b1fd1560 .functor XOR 1, L_0x5869b1fd1740, L_0x5869b1fd18b0, C4<0>, C4<0>;
L_0x5869b1f99660 .functor AND 1, L_0x5869b1f99200, L_0x5869b1fd1560, C4<1>, C4<1>;
L_0x5869b1f9a320 .functor XOR 1, L_0x5869b1fd1a70, L_0x5869b1fd1ba0, C4<0>, C4<0>;
L_0x5869b1f9bc90 .functor XOR 1, L_0x5869b1fd1cd0, L_0x5869b1fd1e60, C4<0>, C4<0>;
L_0x5869b1f92a90 .functor AND 1, L_0x5869b1f9a320, L_0x5869b1f9bc90, C4<1>, C4<1>;
L_0x5869b1fd2090 .functor AND 32, v0x5869b1fbd7b0_0, v0x5869b1fbdcb0_0, C4<11111111111111111111111111111111>, C4<11111111111111111111111111111111>;
L_0x5869b1fd2100 .functor OR 32, v0x5869b1fbd7b0_0, v0x5869b1fbdcb0_0, C4<00000000000000000000000000000000>, C4<00000000000000000000000000000000>;
L_0x5869b1fd22e0 .functor XOR 32, v0x5869b1fbd7b0_0, v0x5869b1fbdcb0_0, C4<00000000000000000000000000000000>, C4<00000000000000000000000000000000>;
L_0x5869b1fd29b0 .functor XOR 1, L_0x5869b1fd2810, L_0x5869b1f92a90, C4<0>, C4<0>;
L_0x7039e3e7a018 .functor BUFT 1, C4<0>, C4<0>, C4<0>, C4<0>;
v0x5869b1f92cb0_0 .net/2u *"_ivl_0", 0 0, L_0x7039e3e7a018;  1 drivers
L_0x7039e3e7a0a8 .functor BUFT 1, C4<0>, C4<0>, C4<0>, C4<0>;
v0x5869b1fbc1a0_0 .net/2u *"_ivl_10", 0 0, L_0x7039e3e7a0a8;  1 drivers
v0x5869b1fbc280_0 .net *"_ivl_12", 32 0, L_0x5869b1fc0aa0;  1 drivers
L_0x7039e3e7a0f0 .functor BUFT 1, C4<0>, C4<0>, C4<0>, C4<0>;
v0x5869b1fbc340_0 .net/2u *"_ivl_14", 0 0, L_0x7039e3e7a0f0;  1 drivers
v0x5869b1fbc420_0 .net *"_ivl_16", 31 0, L_0x5869b1f983e0;  1 drivers
v0x5869b1fbc550_0 .net *"_ivl_18", 32 0, L_0x5869b1fc0c90;  1 drivers
v0x5869b1fbc630_0 .net *"_ivl_2", 32 0, L_0x5869b1fc0710;  1 drivers
v0x5869b1fbc710_0 .net *"_ivl_20", 32 0, L_0x5869b1fc0dd0;  1 drivers
L_0x7039e3e7a138 .functor BUFT 1, C4<000000000000000000000000000000001>, C4<0>, C4<0>, C4<0>;
v0x5869b1fbc7f0_0 .net/2u *"_ivl_22", 32 0, L_0x7039e3e7a138;  1 drivers
v0x5869b1fbc8d0_0 .net *"_ivl_35", 0 0, L_0x5869b1fd14c0;  1 drivers
v0x5869b1fbc9b0_0 .net *"_ivl_37", 0 0, L_0x5869b1fd15d0;  1 drivers
v0x5869b1fbca90_0 .net *"_ivl_38", 0 0, L_0x5869b1f98fa0;  1 drivers
L_0x7039e3e7a060 .functor BUFT 1, C4<0>, C4<0>, C4<0>, C4<0>;
v0x5869b1fbcb70_0 .net/2u *"_ivl_4", 0 0, L_0x7039e3e7a060;  1 drivers
v0x5869b1fbcc50_0 .net *"_ivl_40", 0 0, L_0x5869b1f99200;  1 drivers
v0x5869b1fbcd30_0 .net *"_ivl_43", 0 0, L_0x5869b1fd1740;  1 drivers
v0x5869b1fbce10_0 .net *"_ivl_45", 0 0, L_0x5869b1fd18b0;  1 drivers
v0x5869b1fbcef0_0 .net *"_ivl_46", 0 0, L_0x5869b1fd1560;  1 drivers
v0x5869b1fbcfd0_0 .net *"_ivl_51", 0 0, L_0x5869b1fd1a70;  1 drivers
v0x5869b1fbd0b0_0 .net *"_ivl_53", 0 0, L_0x5869b1fd1ba0;  1 drivers
v0x5869b1fbd190_0 .net *"_ivl_54", 0 0, L_0x5869b1f9a320;  1 drivers
v0x5869b1fbd270_0 .net *"_ivl_57", 0 0, L_0x5869b1fd1cd0;  1 drivers
v0x5869b1fbd350_0 .net *"_ivl_59", 0 0, L_0x5869b1fd1e60;  1 drivers
v0x5869b1fbd430_0 .net *"_ivl_6", 32 0, L_0x5869b1fc0810;  1 drivers
v0x5869b1fbd510_0 .net *"_ivl_60", 0 0, L_0x5869b1f9bc90;  1 drivers
v0x5869b1fbd5f0_0 .net *"_ivl_79", 0 0, L_0x5869b1fd2810;  1 drivers
L_0x7039e3e7a180 .functor BUFT 1, C4<0000000000000000000000000000000>, C4<0>, C4<0>, C4<0>;
v0x5869b1fbd6d0_0 .net/2u *"_ivl_82", 30 0, L_0x7039e3e7a180;  1 drivers
v0x5869b1fbd7b0_0 .var "a_q", 31 0;
v0x5869b1fbd890_0 .net "add_carry", 0 0, L_0x5869b1fd1320;  1 drivers
v0x5869b1fbd950_0 .net "add_ext", 32 0, L_0x5869b1fc0960;  1 drivers
v0x5869b1fbda30_0 .net "add_overflow", 0 0, L_0x5869b1f99660;  1 drivers
v0x5869b1fbdaf0_0 .net "add_result", 31 0, L_0x5869b1fd10f0;  1 drivers
v0x5869b1fbdbd0_0 .net "and_result", 31 0, L_0x5869b1fd2090;  1 drivers
v0x5869b1fbdcb0_0 .var "b_q", 31 0;
v0x5869b1fbdfa0_0 .var "carry_comb", 0 0;
v0x5869b1fbe060_0 .var "carry_o", 0 0;
v0x5869b1fbe120_0 .net "clk", 0 0, v0x5869b1fbf900_0;  1 drivers
v0x5869b1fbe1e0_0 .net "opcode", 3 0, v0x5869b1fbfe00_0;  1 drivers
v0x5869b1fbe2c0_0 .var "opcode_q", 3 0;
v0x5869b1fbe3a0_0 .net "operand_a", 31 0, v0x5869b1fbfec0_0;  1 drivers
v0x5869b1fbe480_0 .net "operand_b", 31 0, v0x5869b1fbff60_0;  1 drivers
v0x5869b1fbe560_0 .net "or_result", 31 0, L_0x5869b1fd2100;  1 drivers
v0x5869b1fbe640_0 .var "overflow_comb", 0 0;
v0x5869b1fbe700_0 .var "overflow_o", 0 0;
v0x5869b1fbe7c0_0 .var "result_comb", 31 0;
v0x5869b1fbe8a0_0 .var "result_o", 31 0;
v0x5869b1fbe980_0 .net "rst_n", 0 0, v0x5869b1fc0260_0;  1 drivers
v0x5869b1fbea40_0 .net "shamt", 4 0, L_0x5869b1fd2350;  1 drivers
v0x5869b1fbeb20_0 .net "sll_result", 31 0, L_0x5869b1fd1dc0;  1 drivers
v0x5869b1fbec00_0 .net "slt_bit", 0 0, L_0x5869b1fd29b0;  1 drivers
v0x5869b1fbecc0_0 .net "slt_result", 31 0, L_0x5869b1fd2b10;  1 drivers
v0x5869b1fbeda0_0 .net "sra_result", 31 0, L_0x5869b1fd2740;  1 drivers
v0x5869b1fbee80_0 .net "srl_result", 31 0, L_0x5869b1fd25e0;  1 drivers
v0x5869b1fbef60_0 .net "sub_carry", 0 0, L_0x5869b1fd1420;  1 drivers
v0x5869b1fbf020_0 .net "sub_ext", 32 0, L_0x5869b1fd0fb0;  1 drivers
v0x5869b1fbf100_0 .net "sub_overflow", 0 0, L_0x5869b1f92a90;  1 drivers
v0x5869b1fbf1c0_0 .net "sub_result", 31 0, L_0x5869b1fd1230;  1 drivers
v0x5869b1fbf2a0_0 .net "valid_i", 0 0, v0x5869b1fc03d0_0;  1 drivers
v0x5869b1fbf360_0 .var "valid_o", 0 0;
v0x5869b1fbf420_0 .var "valid_q", 0 0;
v0x5869b1fbf4e0_0 .net "xor_result", 31 0, L_0x5869b1fd22e0;  1 drivers
v0x5869b1fbf5c0_0 .var "zero_o", 0 0;
E_0x5869b1f54f30/0 .event negedge, v0x5869b1fbe980_0;
E_0x5869b1f54f30/1 .event posedge, v0x5869b1fbe120_0;
E_0x5869b1f54f30 .event/or E_0x5869b1f54f30/0, E_0x5869b1f54f30/1;
E_0x5869b1f9e520/0 .event edge, v0x5869b1fbe2c0_0, v0x5869b1fbdaf0_0, v0x5869b1fbd890_0, v0x5869b1fbda30_0;
E_0x5869b1f9e520/1 .event edge, v0x5869b1fbf1c0_0, v0x5869b1fbef60_0, v0x5869b1fbf100_0, v0x5869b1fbecc0_0;
E_0x5869b1f9e520/2 .event edge, v0x5869b1fbdbd0_0, v0x5869b1fbe560_0, v0x5869b1fbf4e0_0, v0x5869b1fbeb20_0;
E_0x5869b1f9e520/3 .event edge, v0x5869b1fbee80_0, v0x5869b1fbeda0_0;
E_0x5869b1f9e520 .event/or E_0x5869b1f9e520/0, E_0x5869b1f9e520/1, E_0x5869b1f9e520/2, E_0x5869b1f9e520/3;
L_0x5869b1fc0710 .concat [ 32 1 0 0], v0x5869b1fbd7b0_0, L_0x7039e3e7a018;
L_0x5869b1fc0810 .concat [ 32 1 0 0], v0x5869b1fbdcb0_0, L_0x7039e3e7a060;
L_0x5869b1fc0960 .arith/sum 33, L_0x5869b1fc0710, L_0x5869b1fc0810;
L_0x5869b1fc0aa0 .concat [ 32 1 0 0], v0x5869b1fbd7b0_0, L_0x7039e3e7a0a8;
L_0x5869b1fc0c90 .concat [ 32 1 0 0], L_0x5869b1f983e0, L_0x7039e3e7a0f0;
L_0x5869b1fc0dd0 .arith/sum 33, L_0x5869b1fc0aa0, L_0x5869b1fc0c90;
L_0x5869b1fd0fb0 .arith/sum 33, L_0x5869b1fc0dd0, L_0x7039e3e7a138;
L_0x5869b1fd10f0 .part L_0x5869b1fc0960, 0, 32;
L_0x5869b1fd1230 .part L_0x5869b1fd0fb0, 0, 32;
L_0x5869b1fd1320 .part L_0x5869b1fc0960, 32, 1;
L_0x5869b1fd1420 .part L_0x5869b1fd0fb0, 32, 1;
L_0x5869b1fd14c0 .part v0x5869b1fbd7b0_0, 31, 1;
L_0x5869b1fd15d0 .part v0x5869b1fbdcb0_0, 31, 1;
L_0x5869b1fd1740 .part L_0x5869b1fd10f0, 31, 1;
L_0x5869b1fd18b0 .part v0x5869b1fbd7b0_0, 31, 1;
L_0x5869b1fd1a70 .part v0x5869b1fbd7b0_0, 31, 1;
L_0x5869b1fd1ba0 .part v0x5869b1fbdcb0_0, 31, 1;
L_0x5869b1fd1cd0 .part L_0x5869b1fd1230, 31, 1;
L_0x5869b1fd1e60 .part v0x5869b1fbd7b0_0, 31, 1;
L_0x5869b1fd2350 .part v0x5869b1fbdcb0_0, 0, 5;
L_0x5869b1fd1dc0 .shift/l 32, v0x5869b1fbd7b0_0, L_0x5869b1fd2350;
L_0x5869b1fd25e0 .shift/r 32, v0x5869b1fbd7b0_0, L_0x5869b1fd2350;
L_0x5869b1fd2740 .shift/rs 32, v0x5869b1fbd7b0_0, L_0x5869b1fd2350;
L_0x5869b1fd2810 .part L_0x5869b1fd1230, 31, 1;
L_0x5869b1fd2b10 .concat [ 1 31 0 0], L_0x5869b1fd29b0, L_0x7039e3e7a180;
    .scope S_0x5869b1fbbea0;
T_1 ;
    %wait E_0x5869b1f54f30;
    %load/vec4 v0x5869b1fbe980_0;
    %nor/r;
    %flag_set/vec4 8;
    %jmp/0xz  T_1.0, 8;
    %pushi/vec4 0, 0, 32;
    %assign/vec4 v0x5869b1fbd7b0_0, 0;
    %pushi/vec4 0, 0, 32;
    %assign/vec4 v0x5869b1fbdcb0_0, 0;
    %pushi/vec4 0, 0, 4;
    %assign/vec4 v0x5869b1fbe2c0_0, 0;
    %pushi/vec4 0, 0, 1;
    %assign/vec4 v0x5869b1fbf420_0, 0;
    %jmp T_1.1;
T_1.0 ;
    %load/vec4 v0x5869b1fbe3a0_0;
    %assign/vec4 v0x5869b1fbd7b0_0, 0;
    %load/vec4 v0x5869b1fbe480_0;
    %assign/vec4 v0x5869b1fbdcb0_0, 0;
    %load/vec4 v0x5869b1fbe1e0_0;
    %assign/vec4 v0x5869b1fbe2c0_0, 0;
    %load/vec4 v0x5869b1fbf2a0_0;
    %assign/vec4 v0x5869b1fbf420_0, 0;
T_1.1 ;
    %jmp T_1;
    .thread T_1;
    .scope S_0x5869b1fbbea0;
T_2 ;
    %wait E_0x5869b1f9e520;
    %pushi/vec4 0, 0, 32;
    %store/vec4 v0x5869b1fbe7c0_0, 0, 32;
    %pushi/vec4 0, 0, 1;
    %store/vec4 v0x5869b1fbdfa0_0, 0, 1;
    %pushi/vec4 0, 0, 1;
    %store/vec4 v0x5869b1fbe640_0, 0, 1;
    %load/vec4 v0x5869b1fbe2c0_0;
    %dup/vec4;
    %pushi/vec4 0, 0, 4;
    %cmp/u;
    %jmp/1 T_2.0, 6;
    %dup/vec4;
    %pushi/vec4 1, 0, 4;
    %cmp/u;
    %jmp/1 T_2.1, 6;
    %dup/vec4;
    %pushi/vec4 2, 0, 4;
    %cmp/u;
    %jmp/1 T_2.2, 6;
    %dup/vec4;
    %pushi/vec4 3, 0, 4;
    %cmp/u;
    %jmp/1 T_2.3, 6;
    %dup/vec4;
    %pushi/vec4 4, 0, 4;
    %cmp/u;
    %jmp/1 T_2.4, 6;
    %dup/vec4;
    %pushi/vec4 5, 0, 4;
    %cmp/u;
    %jmp/1 T_2.5, 6;
    %dup/vec4;
    %pushi/vec4 6, 0, 4;
    %cmp/u;
    %jmp/1 T_2.6, 6;
    %dup/vec4;
    %pushi/vec4 7, 0, 4;
    %cmp/u;
    %jmp/1 T_2.7, 6;
    %dup/vec4;
    %pushi/vec4 8, 0, 4;
    %cmp/u;
    %jmp/1 T_2.8, 6;
    %pushi/vec4 0, 0, 32;
    %store/vec4 v0x5869b1fbe7c0_0, 0, 32;
    %pushi/vec4 0, 0, 1;
    %store/vec4 v0x5869b1fbdfa0_0, 0, 1;
    %pushi/vec4 0, 0, 1;
    %store/vec4 v0x5869b1fbe640_0, 0, 1;
    %jmp T_2.10;
T_2.0 ;
    %load/vec4 v0x5869b1fbdaf0_0;
    %store/vec4 v0x5869b1fbe7c0_0, 0, 32;
    %load/vec4 v0x5869b1fbd890_0;
    %store/vec4 v0x5869b1fbdfa0_0, 0, 1;
    %load/vec4 v0x5869b1fbda30_0;
    %store/vec4 v0x5869b1fbe640_0, 0, 1;
    %jmp T_2.10;
T_2.1 ;
    %load/vec4 v0x5869b1fbf1c0_0;
    %store/vec4 v0x5869b1fbe7c0_0, 0, 32;
    %load/vec4 v0x5869b1fbef60_0;
    %store/vec4 v0x5869b1fbdfa0_0, 0, 1;
    %load/vec4 v0x5869b1fbf100_0;
    %store/vec4 v0x5869b1fbe640_0, 0, 1;
    %jmp T_2.10;
T_2.2 ;
    %load/vec4 v0x5869b1fbecc0_0;
    %store/vec4 v0x5869b1fbe7c0_0, 0, 32;
    %pushi/vec4 0, 0, 1;
    %store/vec4 v0x5869b1fbdfa0_0, 0, 1;
    %pushi/vec4 0, 0, 1;
    %store/vec4 v0x5869b1fbe640_0, 0, 1;
    %jmp T_2.10;
T_2.3 ;
    %load/vec4 v0x5869b1fbdbd0_0;
    %store/vec4 v0x5869b1fbe7c0_0, 0, 32;
    %jmp T_2.10;
T_2.4 ;
    %load/vec4 v0x5869b1fbe560_0;
    %store/vec4 v0x5869b1fbe7c0_0, 0, 32;
    %jmp T_2.10;
T_2.5 ;
    %load/vec4 v0x5869b1fbf4e0_0;
    %store/vec4 v0x5869b1fbe7c0_0, 0, 32;
    %jmp T_2.10;
T_2.6 ;
    %load/vec4 v0x5869b1fbeb20_0;
    %store/vec4 v0x5869b1fbe7c0_0, 0, 32;
    %jmp T_2.10;
T_2.7 ;
    %load/vec4 v0x5869b1fbee80_0;
    %store/vec4 v0x5869b1fbe7c0_0, 0, 32;
    %jmp T_2.10;
T_2.8 ;
    %load/vec4 v0x5869b1fbeda0_0;
    %store/vec4 v0x5869b1fbe7c0_0, 0, 32;
    %jmp T_2.10;
T_2.10 ;
    %pop/vec4 1;
    %jmp T_2;
    .thread T_2, $push;
    .scope S_0x5869b1fbbea0;
T_3 ;
    %wait E_0x5869b1f54f30;
    %load/vec4 v0x5869b1fbe980_0;
    %nor/r;
    %flag_set/vec4 8;
    %jmp/0xz  T_3.0, 8;
    %pushi/vec4 0, 0, 32;
    %assign/vec4 v0x5869b1fbe8a0_0, 0;
    %pushi/vec4 0, 0, 1;
    %assign/vec4 v0x5869b1fbf360_0, 0;
    %pushi/vec4 0, 0, 1;
    %assign/vec4 v0x5869b1fbe060_0, 0;
    %pushi/vec4 0, 0, 1;
    %assign/vec4 v0x5869b1fbe700_0, 0;
    %pushi/vec4 0, 0, 1;
    %assign/vec4 v0x5869b1fbf5c0_0, 0;
    %jmp T_3.1;
T_3.0 ;
    %load/vec4 v0x5869b1fbe7c0_0;
    %assign/vec4 v0x5869b1fbe8a0_0, 0;
    %load/vec4 v0x5869b1fbf420_0;
    %assign/vec4 v0x5869b1fbf360_0, 0;
    %load/vec4 v0x5869b1fbdfa0_0;
    %assign/vec4 v0x5869b1fbe060_0, 0;
    %load/vec4 v0x5869b1fbe640_0;
    %assign/vec4 v0x5869b1fbe700_0, 0;
    %load/vec4 v0x5869b1fbe7c0_0;
    %pushi/vec4 0, 0, 32;
    %cmp/e;
    %flag_get/vec4 4;
    %assign/vec4 v0x5869b1fbf5c0_0, 0;
T_3.1 ;
    %jmp T_3;
    .thread T_3;
    .scope S_0x5869b1f98740;
T_4 ;
    %pushi/vec4 0, 0, 1;
    %store/vec4 v0x5869b1fbf900_0, 0, 1;
    %end;
    .thread T_4;
    .scope S_0x5869b1f98740;
T_5 ;
    %delay 5555, 0;
    %load/vec4 v0x5869b1fbf900_0;
    %inv;
    %store/vec4 v0x5869b1fbf900_0, 0, 1;
    %jmp T_5;
    .thread T_5;
    .scope S_0x5869b1f98740;
T_6 ;
    %wait E_0x5869b1f54f30;
    %load/vec4 v0x5869b1fc0260_0;
    %nor/r;
    %flag_set/vec4 8;
    %jmp/0xz  T_6.0, 8;
    %pushi/vec4 0, 0, 32;
    %assign/vec4 v0x5869b1fc00d0_0, 0;
    %jmp T_6.1;
T_6.0 ;
    %load/vec4 v0x5869b1fc04a0_0;
    %cmpi/e 1, 0, 1;
    %jmp/0xz  T_6.2, 4;
    %load/vec4 v0x5869b1fc0330_0;
    %addi 1, 0, 32;
    %assign/vec4 v0x5869b1fc0330_0, 0;
    %load/vec4 v0x5869b1fc0170_0;
    %ix/getv/s 4, v0x5869b1fc00d0_0;
    %load/vec4a v0x5869b1fbfa40, 4;
    %cmp/ne;
    %jmp/0xz  T_6.4, 6;
    %vpi_call 2 127 "$display", "ERROR result mismatch exp=%h got=%h", &A<v0x5869b1fbfa40, v0x5869b1fc00d0_0 >, v0x5869b1fc0170_0 {0 0 0};
    %load/vec4 v0x5869b1fbf9a0_0;
    %addi 1, 0, 32;
    %assign/vec4 v0x5869b1fbf9a0_0, 0;
T_6.4 ;
    %load/vec4 v0x5869b1fc0610_0;
    %ix/getv/s 4, v0x5869b1fc00d0_0;
    %load/vec4a v0x5869b1fbfae0, 4;
    %cmp/ne;
    %jmp/0xz  T_6.6, 6;
    %vpi_call 2 134 "$display", "ERROR zero flag mismatch" {0 0 0};
    %load/vec4 v0x5869b1fbf9a0_0;
    %addi 1, 0, 32;
    %assign/vec4 v0x5869b1fbf9a0_0, 0;
T_6.6 ;
    %load/vec4 v0x5869b1fc00d0_0;
    %addi 1, 0, 32;
    %assign/vec4 v0x5869b1fc00d0_0, 0;
T_6.2 ;
T_6.1 ;
    %jmp T_6;
    .thread T_6;
    .scope S_0x5869b1f98740;
T_7 ;
    %vpi_call 2 157 "$dumpfile", "rtl_wave.vcd" {0 0 0};
    %vpi_call 2 160 "$dumpvars", 32'sb00000000000000000000000000000000, S_0x5869b1f98740 {0 0 0};
    %delay 3000, 0;
    %pushi/vec4 0, 0, 1;
    %store/vec4 v0x5869b1fc0260_0, 0, 1;
    %pushi/vec4 0, 0, 1;
    %store/vec4 v0x5869b1fc03d0_0, 0, 1;
    %pushi/vec4 20, 0, 32;
T_7.0 %dup/vec4;
    %pushi/vec4 0, 0, 32;
    %cmp/s;
    %jmp/1xz T_7.1, 5;
    %jmp/1 T_7.1, 4;
    %pushi/vec4 1, 0, 32;
    %sub;
    %wait E_0x5869b1f72cd0;
    %jmp T_7.0;
T_7.1 ;
    %pop/vec4 1;
    %wait E_0x5869b1f6b8e0;
    %delay 7000, 0;
    %pushi/vec4 1, 0, 1;
    %store/vec4 v0x5869b1fc0260_0, 0, 1;
    %pushi/vec4 10, 0, 32;
T_7.2 %dup/vec4;
    %pushi/vec4 0, 0, 32;
    %cmp/s;
    %jmp/1xz T_7.3, 5;
    %jmp/1 T_7.3, 4;
    %pushi/vec4 1, 0, 32;
    %sub;
    %wait E_0x5869b1f72cd0;
    %jmp T_7.2;
T_7.3 ;
    %pop/vec4 1;
    %pushi/vec4 0, 0, 32;
    %store/vec4 v0x5869b1fbfec0_0, 0, 32;
    %pushi/vec4 0, 0, 32;
    %store/vec4 v0x5869b1fbff60_0, 0, 32;
    %pushi/vec4 0, 0, 4;
    %store/vec4 v0x5869b1fbfe00_0, 0, 4;
    %pushi/vec4 0, 0, 32;
    %store/vec4 v0x5869b1fc0570_0, 0, 32;
    %pushi/vec4 0, 0, 32;
    %store/vec4 v0x5869b1fc00d0_0, 0, 32;
    %pushi/vec4 0, 0, 32;
    %store/vec4 v0x5869b1fc0330_0, 0, 32;
    %pushi/vec4 0, 0, 32;
    %store/vec4 v0x5869b1fbf9a0_0, 0, 32;
    %pushi/vec4 0, 0, 32;
    %store/vec4 v0x5869b1fbfd20_0, 0, 32;
T_7.4 ;
    %load/vec4 v0x5869b1fbfd20_0;
    %cmpi/s 1000, 0, 32;
    %jmp/0xz T_7.5, 5;
    %wait E_0x5869b1f6b8e0;
    %vpi_func 2 195 "$random" 32 {0 0 0};
    %store/vec4 v0x5869b1fbfec0_0, 0, 32;
    %vpi_func 2 196 "$random" 32 {0 0 0};
    %store/vec4 v0x5869b1fbff60_0, 0, 32;
    %vpi_func 2 197 "$urandom_range" 32, 32'sb00000000000000000000000000000000, 32'sb00000000000000000000000000001000 {0 0 0};
    %pad/u 4;
    %store/vec4 v0x5869b1fbfe00_0, 0, 4;
    %load/vec4 v0x5869b1fbfe00_0;
    %store/vec4 v0x5869b1f9a4c0_0, 0, 4;
    %load/vec4 v0x5869b1fbfec0_0;
    %store/vec4 v0x5869b1f99140_0, 0, 32;
    %load/vec4 v0x5869b1fbff60_0;
    %store/vec4 v0x5869b1f997c0_0, 0, 32;
    %fork TD_tb_alu_32bit.compute_expected, S_0x5869b1f60bd0;
    %join;
    %load/vec4 v0x5869b1fbfb80_0;
    %ix/getv/s 4, v0x5869b1fc0570_0;
    %store/vec4a v0x5869b1fbfa40, 4, 0;
    %load/vec4 v0x5869b1fbfc60_0;
    %ix/getv/s 4, v0x5869b1fc0570_0;
    %store/vec4a v0x5869b1fbfae0, 4, 0;
    %load/vec4 v0x5869b1fc0570_0;
    %addi 1, 0, 32;
    %store/vec4 v0x5869b1fc0570_0, 0, 32;
    %pushi/vec4 1, 0, 1;
    %store/vec4 v0x5869b1fc03d0_0, 0, 1;
    %wait E_0x5869b1f72cd0;
    %wait E_0x5869b1f6b8e0;
    %pushi/vec4 0, 0, 1;
    %store/vec4 v0x5869b1fc03d0_0, 0, 1;
    %load/vec4 v0x5869b1fbfd20_0;
    %addi 1, 0, 32;
    %store/vec4 v0x5869b1fbfd20_0, 0, 32;
    %jmp T_7.4;
T_7.5 ;
    %pushi/vec4 20, 0, 32;
T_7.6 %dup/vec4;
    %pushi/vec4 0, 0, 32;
    %cmp/s;
    %jmp/1xz T_7.7, 5;
    %jmp/1 T_7.7, 4;
    %pushi/vec4 1, 0, 32;
    %sub;
    %wait E_0x5869b1f72cd0;
    %jmp T_7.6;
T_7.7 ;
    %pop/vec4 1;
    %load/vec4 v0x5869b1fbf9a0_0;
    %cmpi/e 0, 0, 32;
    %jmp/0xz  T_7.8, 4;
    %vpi_call 2 225 "$display", "=================================" {0 0 0};
    %vpi_call 2 226 "$display", "TEST PASSED" {0 0 0};
    %vpi_call 2 227 "$display", "Total tests = %0d", v0x5869b1fc0330_0 {0 0 0};
    %vpi_call 2 228 "$display", "=================================" {0 0 0};
    %jmp T_7.9;
T_7.8 ;
    %vpi_call 2 232 "$display", "=================================" {0 0 0};
    %vpi_call 2 233 "$display", "TEST FAILED" {0 0 0};
    %vpi_call 2 234 "$display", "Errors = %0d", v0x5869b1fbf9a0_0 {0 0 0};
    %vpi_call 2 235 "$display", "=================================" {0 0 0};
T_7.9 ;
    %delay 3000, 0;
    %pushi/vec4 0, 0, 1;
    %store/vec4 v0x5869b1fc0260_0, 0, 1;
    %delay 20000, 0;
    %pushi/vec4 1, 0, 1;
    %store/vec4 v0x5869b1fc0260_0, 0, 1;
    %vpi_call 2 244 "$finish" {0 0 0};
    %end;
    .thread T_7;
# The file index is used to find the file name in the following table.
:file_names 4;
    "N/A";
    "<interactive>";
    "tb/tb_macro.v";
    "rtl/macro_rtl.v";
