13. Executing LTP pass (find longest path).

Longest topological path in alu_32bit (length=42):
    0: \rst_n
    1: \b_q [1] (via $auto$ff.cc:337:slice$2005)
    2: $techmap$add$rtl/macro_rtl.v:53$5.$auto$alumacc.cc:512:replace_alu$178.B [1] (via $auto$simplemap.cc:46:simplemap_not$3024)
    3: $techmap$add$rtl/macro_rtl.v:53$5.$auto$alumacc.cc:512:replace_alu$178.P [1] (via $auto$simplemap.cc:106:simplemap_bitop$3665)
    4: $techmap$techmap$add$rtl/macro_rtl.v:53$5.$auto$alumacc.cc:512:replace_alu$178.lcu.$and$/usr/local/bin/../share/yosys/techmap.v:240$2816_Y (via $auto$simplemap.cc:106:simplemap_bitop$3731)
    5: $techmap$add$rtl/macro_rtl.v:53$5.$auto$alumacc.cc:512:replace_alu$178.CO [1] (via $auto$simplemap.cc:106:simplemap_bitop$3816)
    6: $techmap$techmap$add$rtl/macro_rtl.v:53$5.$auto$alumacc.cc:512:replace_alu$178.lcu.$and$/usr/local/bin/../share/yosys/techmap.v:240$2864_Y (via $auto$simplemap.cc:106:simplemap_bitop$3747)
    7: $techmap$add$rtl/macro_rtl.v:53$5.$auto$alumacc.cc:512:replace_alu$178.CO [3] (via $auto$simplemap.cc:106:simplemap_bitop$3832)
    8: $techmap$techmap$add$rtl/macro_rtl.v:53$5.$auto$alumacc.cc:512:replace_alu$178.lcu.$and$/usr/local/bin/../share/yosys/techmap.v:240$2888_Y (via $auto$simplemap.cc:106:simplemap_bitop$3755)
    9: $techmap$add$rtl/macro_rtl.v:53$5.$auto$alumacc.cc:512:replace_alu$178.CO [7] (via $auto$simplemap.cc:106:simplemap_bitop$3840)
   10: $techmap$techmap$add$rtl/macro_rtl.v:53$5.$auto$alumacc.cc:512:replace_alu$178.lcu.$and$/usr/local/bin/../share/yosys/techmap.v:240$2900_Y (via $auto$simplemap.cc:106:simplemap_bitop$3759)
   11: $techmap$add$rtl/macro_rtl.v:53$5.$auto$alumacc.cc:512:replace_alu$178.CO [15] (via $auto$simplemap.cc:106:simplemap_bitop$3844)
   12: $techmap$techmap$add$rtl/macro_rtl.v:53$5.$auto$alumacc.cc:512:replace_alu$178.lcu.$and$/usr/local/bin/../share/yosys/techmap.v:248$2915_Y (via $auto$simplemap.cc:106:simplemap_bitop$3790)
   13: $techmap$add$rtl/macro_rtl.v:53$5.$auto$alumacc.cc:512:replace_alu$178.CO [19] (via $auto$simplemap.cc:106:simplemap_bitop$3849)
   14: $techmap$techmap$add$rtl/macro_rtl.v:53$5.$auto$alumacc.cc:512:replace_alu$178.lcu.$and$/usr/local/bin/../share/yosys/techmap.v:248$2933_Y (via $auto$simplemap.cc:106:simplemap_bitop$3796)
   15: $techmap$add$rtl/macro_rtl.v:53$5.$auto$alumacc.cc:512:replace_alu$178.CO [21] (via $auto$simplemap.cc:106:simplemap_bitop$3855)
   16: $techmap$techmap$add$rtl/macro_rtl.v:53$5.$auto$alumacc.cc:512:replace_alu$178.lcu.$and$/usr/local/bin/../share/yosys/techmap.v:248$2972_Y (via $auto$simplemap.cc:106:simplemap_bitop$3809)
   17: $techmap$add$rtl/macro_rtl.v:53$5.$auto$alumacc.cc:512:replace_alu$178.CO [22] (via $auto$simplemap.cc:106:simplemap_bitop$3868)
   18: $techmap$add$rtl/macro_rtl.v:53$5.$auto$alumacc.cc:512:replace_alu$178.Y [23] (via $auto$simplemap.cc:106:simplemap_bitop$3079)
   19: $techmap$techmap$add$rtl/macro_rtl.v:53$6.$auto$alumacc.cc:512:replace_alu$178.lcu.$and$/usr/local/bin/../share/yosys/techmap.v:241$2851_Y (via $auto$simplemap.cc:106:simplemap_bitop$4081)
   20: $techmap$techmap$add$rtl/macro_rtl.v:53$6.$auto$alumacc.cc:512:replace_alu$178.lcu.$and$/usr/local/bin/../share/yosys/techmap.v:241$2881_Y (via $auto$simplemap.cc:106:simplemap_bitop$4090)
   21: $techmap$techmap$add$rtl/macro_rtl.v:53$6.$auto$alumacc.cc:512:replace_alu$178.lcu.$and$/usr/local/bin/../share/yosys/techmap.v:241$2896_Y (via $auto$simplemap.cc:106:simplemap_bitop$4094)
   22: $techmap$add$rtl/macro_rtl.v:53$6.$auto$alumacc.cc:512:replace_alu$178.CO [23] (via $auto$simplemap.cc:106:simplemap_bitop$4097)
   23: $techmap$add$rtl/macro_rtl.v:53$6.$auto$alumacc.cc:512:replace_alu$178.CO [27] (via $auto$simplemap.cc:106:simplemap_bitop$4100)
   24: $techmap$add$rtl/macro_rtl.v:53$6.$auto$alumacc.cc:512:replace_alu$178.CO [29] (via $auto$simplemap.cc:106:simplemap_bitop$4107)
   25: $techmap$add$rtl/macro_rtl.v:53$6.$auto$alumacc.cc:512:replace_alu$178.CO [30] (via $auto$simplemap.cc:106:simplemap_bitop$4122)
   26: \sub_ext [31] (via $auto$simplemap.cc:106:simplemap_bitop$3187)
   27: $xor$rtl/macro_rtl.v:63$12_Y (via $auto$simplemap.cc:106:simplemap_bitop$217)
   28: \sub_overflow (via $auto$simplemap.cc:106:simplemap_bitop$218)
   29: \slt_bit (via $auto$simplemap.cc:106:simplemap_bitop$1724)
   30: $procmux$48.B_AND_S [192] (via $auto$simplemap.cc:106:simplemap_bitop$2506)
   31: $auto$simplemap.cc:148:simplemap_reduce$2430 [3] (via $auto$simplemap.cc:157:simplemap_reduce$2434)
   32: $auto$simplemap.cc:148:simplemap_reduce$2435 [1] (via $auto$simplemap.cc:157:simplemap_reduce$2437)
   33: $auto$simplemap.cc:148:simplemap_reduce$2438 (via $auto$simplemap.cc:157:simplemap_reduce$2439)
   34: $procmux$48.Y_B [0] (via $auto$simplemap.cc:157:simplemap_reduce$2441)
   35: \result_comb [0] (via $auto$simplemap.cc:298:simplemap_mux$2730)
   36: $auto$simplemap.cc:189:logic_reduce$1725 [0] (via $auto$simplemap.cc:198:logic_reduce$1726)
   37: $auto$simplemap.cc:189:logic_reduce$1742 [0] (via $auto$simplemap.cc:198:logic_reduce$1743)
   38: $auto$simplemap.cc:189:logic_reduce$1751 [0] (via $auto$simplemap.cc:198:logic_reduce$1752)
   39: $auto$simplemap.cc:189:logic_reduce$1756 [0] (via $auto$simplemap.cc:198:logic_reduce$1757)
   40: $auto$simplemap.cc:189:logic_reduce$1759 (via $auto$simplemap.cc:198:logic_reduce$1760)
   41: $0\zero_o[0:0] (via $auto$simplemap.cc:227:simplemap_lognot$1761)
   42: \zero_o (via $auto$ff.cc:337:slice$1971)
