
 /----------------------------------------------------------------------------\
 |  yosys -- Yosys Open SYnthesis Suite                                       |
 |  Copyright (C) 2012 - 2025  Claire Xenia Wolf <claire@yosyshq.com>         |
 |  Distributed under an ISC-like license, type "license" to see terms        |
 \----------------------------------------------------------------------------/
 Yosys 0.60+8 (git sha1 0e31e389f, g++ 13.1.0-8ubuntu1~22.04 -fPIC -O3)

-- Running command `read_verilog rtl/*.v; proc; opt; stat' --

1. Executing Verilog-2005 frontend: rtl/macro_rtl.v
Parsing Verilog input from `rtl/macro_rtl.v' to AST representation.
verilog frontend filename rtl/macro_rtl.v
Generating RTLIL representation for module `\alu_32bit'.
Successfully finished Verilog frontend.

2. Executing PROC pass (convert processes to netlists).

2.1. Executing PROC_CLEAN pass (remove empty switches from decision trees).
Cleaned up 0 empty switches.

2.2. Executing PROC_RMDEAD pass (remove dead branches from decision trees).
Marked 1 switch rules as full_case in process $proc$rtl/macro_rtl.v:137$22 in module alu_32bit.
Marked 1 switch rules as full_case in process $proc$rtl/macro_rtl.v:90$21 in module alu_32bit.
Marked 1 switch rules as full_case in process $proc$rtl/macro_rtl.v:28$1 in module alu_32bit.
Removed a total of 0 dead cases.

2.3. Executing PROC_PRUNE pass (remove redundant assignments in processes).
Removed 9 redundant assignments.
Promoted 3 assignments to connections.

2.4. Executing PROC_INIT pass (extract init attributes).

2.5. Executing PROC_ARST pass (detect async resets in processes).
Found async reset \rst_n in `\alu_32bit.$proc$rtl/macro_rtl.v:137$22'.
Found async reset \rst_n in `\alu_32bit.$proc$rtl/macro_rtl.v:28$1'.

2.6. Executing PROC_ROM pass (convert switches to ROMs).
Converted 0 switches.
<suppressed ~1 debug messages>

2.7. Executing PROC_MUX pass (convert decision trees to multiplexers).
Creating decoders for process `\alu_32bit.$proc$rtl/macro_rtl.v:137$22'.
     1/5: $0\zero_o[0:0]
     2/5: $0\overflow_o[0:0]
     3/5: $0\carry_o[0:0]
     4/5: $0\valid_o[0:0]
     5/5: $0\result_o[31:0]
Creating decoders for process `\alu_32bit.$proc$rtl/macro_rtl.v:90$21'.
     1/3: $1\overflow_comb[0:0]
     2/3: $1\carry_comb[0:0]
     3/3: $1\result_comb[31:0]
Creating decoders for process `\alu_32bit.$proc$rtl/macro_rtl.v:28$1'.
     1/4: $0\valid_q[0:0]
     2/4: $0\opcode_q[3:0]
     3/4: $0\b_q[31:0]
     4/4: $0\a_q[31:0]

2.8. Executing PROC_DLATCH pass (convert process syncs to latches).
No latch inferred for signal `\alu_32bit.\result_comb' from process `\alu_32bit.$proc$rtl/macro_rtl.v:90$21'.
No latch inferred for signal `\alu_32bit.\carry_comb' from process `\alu_32bit.$proc$rtl/macro_rtl.v:90$21'.
No latch inferred for signal `\alu_32bit.\overflow_comb' from process `\alu_32bit.$proc$rtl/macro_rtl.v:90$21'.

2.9. Executing PROC_DFF pass (convert process syncs to FFs).
Creating register for signal `\alu_32bit.\result_o' using process `\alu_32bit.$proc$rtl/macro_rtl.v:137$22'.
  created $adff cell `$procdff$62' with positive edge clock and positive level reset.
Creating register for signal `\alu_32bit.\valid_o' using process `\alu_32bit.$proc$rtl/macro_rtl.v:137$22'.
  created $adff cell `$procdff$67' with positive edge clock and positive level reset.
Creating register for signal `\alu_32bit.\carry_o' using process `\alu_32bit.$proc$rtl/macro_rtl.v:137$22'.
  created $adff cell `$procdff$72' with positive edge clock and positive level reset.
Creating register for signal `\alu_32bit.\overflow_o' using process `\alu_32bit.$proc$rtl/macro_rtl.v:137$22'.
  created $adff cell `$procdff$77' with positive edge clock and positive level reset.
Creating register for signal `\alu_32bit.\zero_o' using process `\alu_32bit.$proc$rtl/macro_rtl.v:137$22'.
  created $adff cell `$procdff$82' with positive edge clock and positive level reset.
Creating register for signal `\alu_32bit.\a_q' using process `\alu_32bit.$proc$rtl/macro_rtl.v:28$1'.
  created $adff cell `$procdff$87' with positive edge clock and positive level reset.
Creating register for signal `\alu_32bit.\b_q' using process `\alu_32bit.$proc$rtl/macro_rtl.v:28$1'.
  created $adff cell `$procdff$92' with positive edge clock and positive level reset.
Creating register for signal `\alu_32bit.\opcode_q' using process `\alu_32bit.$proc$rtl/macro_rtl.v:28$1'.
  created $adff cell `$procdff$97' with positive edge clock and positive level reset.
Creating register for signal `\alu_32bit.\valid_q' using process `\alu_32bit.$proc$rtl/macro_rtl.v:28$1'.
  created $adff cell `$procdff$102' with positive edge clock and positive level reset.

2.10. Executing PROC_MEMWR pass (convert process memory writes to cells).

2.11. Executing PROC_CLEAN pass (remove empty switches from decision trees).
Removing empty process `alu_32bit.$proc$rtl/macro_rtl.v:137$22'.
Found and cleaned up 1 empty switch in `\alu_32bit.$proc$rtl/macro_rtl.v:90$21'.
Removing empty process `alu_32bit.$proc$rtl/macro_rtl.v:90$21'.
Removing empty process `alu_32bit.$proc$rtl/macro_rtl.v:28$1'.
Cleaned up 1 empty switch.

2.12. Executing OPT_EXPR pass (perform const folding).
Optimizing module alu_32bit.
<suppressed ~22 debug messages>

3. Executing OPT pass (performing simple optimizations).

3.1. Executing OPT_EXPR pass (perform const folding).
Optimizing module alu_32bit.

3.2. Executing OPT_MERGE pass (detect identical cells).
Finding identical cells in module `\alu_32bit'.
<suppressed ~42 debug messages>
Removed a total of 14 cells.

3.3. Executing OPT_MUXTREE pass (detect dead branches in mux trees).
Running muxtree optimizer on module \alu_32bit..
  Creating internal representation of mux trees.
  Evaluating internal representation of mux trees.
  Analyzing evaluation results.
Removed 0 multiplexer ports.
<suppressed ~6 debug messages>

3.4. Executing OPT_REDUCE pass (consolidate $*mux and $reduce_* inputs).
  Optimizing cells in module \alu_32bit.
Performed a total of 0 changes.

3.5. Executing OPT_MERGE pass (detect identical cells).
Finding identical cells in module `\alu_32bit'.
Removed a total of 0 cells.

3.6. Executing OPT_DFF pass (perform DFF optimizations).

3.7. Executing OPT_CLEAN pass (remove unused cells and wires).
Finding unused cells or wires in module \alu_32bit..
Removed 2 unused cells and 54 unused wires.
<suppressed ~3 debug messages>

3.8. Executing OPT_EXPR pass (perform const folding).
Optimizing module alu_32bit.

3.9. Rerunning OPT passes. (Maybe there is more to do..)

3.10. Executing OPT_MUXTREE pass (detect dead branches in mux trees).
Running muxtree optimizer on module \alu_32bit..
  Creating internal representation of mux trees.
  Evaluating internal representation of mux trees.
  Analyzing evaluation results.
Removed 0 multiplexer ports.
<suppressed ~6 debug messages>

3.11. Executing OPT_REDUCE pass (consolidate $*mux and $reduce_* inputs).
  Optimizing cells in module \alu_32bit.
Performed a total of 0 changes.

3.12. Executing OPT_MERGE pass (detect identical cells).
Finding identical cells in module `\alu_32bit'.
Removed a total of 0 cells.

3.13. Executing OPT_DFF pass (perform DFF optimizations).

3.14. Executing OPT_CLEAN pass (remove unused cells and wires).
Finding unused cells or wires in module \alu_32bit..

3.15. Executing OPT_EXPR pass (perform const folding).
Optimizing module alu_32bit.

3.16. Finished fast OPT passes. (There is nothing left to do.)

4. Printing statistics.

=== alu_32bit ===

        +----------Local Count, excluding submodules.
        | 
       51 wires
      653 wire bits
       35 public wires
      574 public wire bits
       11 ports
      107 port bits
       39 cells
        3   $add
        9   $adff
        3   $and
        8   $eq
        2   $logic_not
        2   $not
        1   $or
        3   $pmux
        1   $shl
        1   $shr
        1   $sshr
        5   $xor

End of script. Logfile hash: a5b081f232, CPU: user 0.06s system 0.26s, MEM: 18.00 MB peak
Yosys 0.60+8 (git sha1 0e31e389f, g++ 13.1.0-8ubuntu1~22.04 -fPIC -O3)
Time spent: 32% 2x read_verilog (0 sec), 12% 4x opt_expr (0 sec), ...
